<?xml version="1.0" encoding="utf-8"?>
<TestRun id="853d6b0b-655a-4e91-98b8-8234fe965667" name="hy971@DESKTOP-4UQ0AMN 2026-05-08 13:32:15" runUser="DESKTOP-4UQ0AMN\hy971" xmlns="http://microsoft.com/schemas/VisualStudio/TeamTest/2010">
  <Times creation="2026-05-08T13:32:15.5056096+03:00" queuing="2026-05-08T13:32:15.5056101+03:00" start="2026-05-08T13:32:09.8310864+03:00" finish="2026-05-08T13:32:17.7767257+03:00" />
  <TestSettings name="default" id="30243b69-293f-4b39-9624-f4ef77712d20">
    <Deployment runDeploymentRoot="hy971_DESKTOP-4UQ0AMN_2026-05-08_13_32_15" />
  </TestSettings>
  <Results>
    <UnitTestResult executionId="5404e60d-2229-4a5a-9d1a-ed02e9156edb" testId="7e2753e6-13e8-b270-1cf6-4d207dcfb32d" testName="MyDietitianMobileApp.Api.Tests.Benchmarks.BenchmarkRunnerTests.RunRecommendationBenchmark_WithRecipeNameIdentifiers_ResolvesCorrectly" computerName="DESKTOP-4UQ0AMN" duration="00:00:00.0120205" startTime="2026-05-08T13:32:17.5674444+03:00" endTime="2026-05-08T13:32:17.5674445+03:00" testType="13cdc9d9-ddb5-4fa4-a97d-d965ccfc6d4b" outcome="Passed" testListId="8c84fa94-04c1-424b-9868-57a2d4851a1d" relativeResultsDirectory="5404e60d-2229-4a5a-9d1a-ed02e9156edb" />
    <UnitTestResult executionId="35e45045-6090-4a66-9479-22fc58a968f0" testId="d0ffd43a-c53b-392a-9933-a903a1a8df0e" testName="MyDietitianMobileApp.Api.Tests.Infrastructure.BarcodeIngredientResolutionServiceTests.ResolveAsync_WhenDeryaTunaBarcodeWasUnresolved_ShouldReturnTonBaligiAndRepairCache" computerName="DESKTOP-4UQ0AMN" duration="00:00:02.6808842" startTime="2026-05-08T13:32:17.5669750+03:00" endTime="2026-05-08T13:32:17.5669752+03:00" testType="13cdc9d9-ddb5-4fa4-a97d-d965ccfc6d4b" outcome="Failed" testListId="8c84fa94-04c1-424b-9868-57a2d4851a1d" relativeResultsDirectory="35e45045-6090-4a66-9479-22fc58a968f0">
      <Output>
        <ErrorInfo>
          <Message>Expected result.MappingType to be MappingType.ExactIngredient {value: 0}, but found MappingType.IngredientFamily {value: 1}.</Message>
          <StackTrace>   at FluentAssertions.Execution.XUnit2TestFramework.Throw(String message)&#xD;
   at FluentAssertions.Execution.TestFrameworkProvider.Throw(String message)&#xD;
   at FluentAssertions.Execution.DefaultAssertionStrategy.HandleFailure(String message)&#xD;
   at FluentAssertions.Execution.AssertionScope.FailWith(Func`1 failReasonFunc)&#xD;
   at FluentAssertions.Execution.AssertionScope.FailWith(Func`1 failReasonFunc)&#xD;
   at FluentAssertions.Execution.AssertionScope.FailWith(String message, Object[] args)&#xD;
   at FluentAssertions.Primitives.EnumAssertions`2.Be(TEnum expected, String because, Object[] becauseArgs)&#xD;
   at MyDietitianMobileApp.Api.Tests.Infrastructure.BarcodeIngredientResolutionServiceTests.ResolveAsync_WhenDeryaTunaBarcodeWasUnresolved_ShouldReturnTonBaligiAndRepairCache() in C:\Users\hy971\source\repos\MyDietitianMobileApp\tests\MyDietitianMobileApp.Api.Tests\Infrastructure\BarcodeIngredientResolutionServiceTests.cs:line 55&#xD;
--- End of stack trace from previous location ---</StackTrace>
        </ErrorInfo>
      </Output>
    </UnitTestResult>
    <UnitTestResult executionId="e6cef472-f337-425b-a185-0a782564bbdc" testId="deb0cbce-bb77-b6c5-0e01-2915736d4981" testName="MyDietitianMobileApp.Api.Tests.Infrastructure.BarcodeIngredientResolutionServiceTests.ResolveProductAsync_WhenProductNameHasNoSpaces_ShouldMatchTonBaligiRule" computerName="DESKTOP-4UQ0AMN" duration="00:00:00.0046049" startTime="2026-05-08T13:32:14.8622754+03:00" endTime="2026-05-08T13:32:14.8622759+03:00" testType="13cdc9d9-ddb5-4fa4-a97d-d965ccfc6d4b" outcome="Passed" testListId="8c84fa94-04c1-424b-9868-57a2d4851a1d" relativeResultsDirectory="e6cef472-f337-425b-a185-0a782564bbdc" />
    <UnitTestResult executionId="ac61e3d3-13d5-4a7a-a6d8-6f777d800fdf" testId="ec2dd119-5ac0-4c77-2d90-d24fa88e2b3b" testName="MyDietitianMobileApp.Api.Tests.Benchmarks.BenchmarkRunnerTests.RunRecommendationBenchmark_WithDuplicateCanonicalIngredients_DoesNotThrow" computerName="DESKTOP-4UQ0AMN" duration="00:00:00.4319041" startTime="2026-05-08T13:32:17.4894791+03:00" endTime="2026-05-08T13:32:17.4894796+03:00" testType="13cdc9d9-ddb5-4fa4-a97d-d965ccfc6d4b" outcome="Passed" testListId="8c84fa94-04c1-424b-9868-57a2d4851a1d" relativeResultsDirectory="ac61e3d3-13d5-4a7a-a6d8-6f777d800fdf" />
    <UnitTestResult executionId="bff45545-e476-4915-966b-b8e362919527" testId="4a101083-36a3-14a3-9fbd-9c92fda797c0" testName="MyDietitianMobileApp.Api.Tests.Benchmarks.BenchmarkRunnerTests.RunHybridRecipeBenchmark_WithInMemoryDataset_ComputesTop1AndHitAt3" computerName="DESKTOP-4UQ0AMN" duration="00:00:00.0105068" startTime="2026-05-08T13:32:17.5781149+03:00" endTime="2026-05-08T13:32:17.5781153+03:00" testType="13cdc9d9-ddb5-4fa4-a97d-d965ccfc6d4b" outcome="Passed" testListId="8c84fa94-04c1-424b-9868-57a2d4851a1d" relativeResultsDirectory="bff45545-e476-4915-966b-b8e362919527" />
    <UnitTestResult executionId="07839e9d-b867-4e7d-a42d-b352d1fb877b" testId="602c5d5c-4626-cfe9-7533-a7c2a0d68405" testName="MyDietitianMobileApp.Api.Tests.Infrastructure.BarcodeIngredientResolutionServiceTests.ResolveProductAsync_WhenProviderOnlyReturnsBrandText_ShouldRemainUnresolved" computerName="DESKTOP-4UQ0AMN" duration="00:00:00.8747948" startTime="2026-05-08T13:32:14.8394126+03:00" endTime="2026-05-08T13:32:14.8394439+03:00" testType="13cdc9d9-ddb5-4fa4-a97d-d965ccfc6d4b" outcome="Passed" testListId="8c84fa94-04c1-424b-9868-57a2d4851a1d" relativeResultsDirectory="07839e9d-b867-4e7d-a42d-b352d1fb877b" />
    <UnitTestResult executionId="345b49f6-b1f0-448a-800f-9fdaca9a9bf1" testId="f15447dc-93a4-6811-19f7-e689b22bd40a" testName="MyDietitianMobileApp.Api.Tests.Benchmarks.BenchmarkRunnerTests.RunNormalizationBenchmark_WithJsonFile_LoadsAndExecutes" computerName="DESKTOP-4UQ0AMN" duration="00:00:00.0675531" startTime="2026-05-08T13:32:17.6540994+03:00" endTime="2026-05-08T13:32:17.6540998+03:00" testType="13cdc9d9-ddb5-4fa4-a97d-d965ccfc6d4b" outcome="Passed" testListId="8c84fa94-04c1-424b-9868-57a2d4851a1d" relativeResultsDirectory="345b49f6-b1f0-448a-800f-9fdaca9a9bf1" />
    <UnitTestResult executionId="0f6a6e7a-98f6-4c3c-af5a-63a7ab3678d7" testId="c74e7f2c-4d50-23fb-6d92-b521937f4070" testName="MyDietitianMobileApp.Api.Tests.Benchmarks.BenchmarkRunnerTests.NormalizationBenchmark_ComputesPerDifficultyBreakdown" computerName="DESKTOP-4UQ0AMN" duration="00:00:00.0055507" startTime="2026-05-08T13:32:17.5837558+03:00" endTime="2026-05-08T13:32:17.5837561+03:00" testType="13cdc9d9-ddb5-4fa4-a97d-d965ccfc6d4b" outcome="Passed" testListId="8c84fa94-04c1-424b-9868-57a2d4851a1d" relativeResultsDirectory="0f6a6e7a-98f6-4c3c-af5a-63a7ab3678d7" />
    <UnitTestResult executionId="d3364819-9730-4a01-82ec-c8633a77564c" testId="46218607-865a-7a0c-eaec-1ea91081bce7" testName="MyDietitianMobileApp.Api.Tests.Benchmarks.BenchmarkRunnerTests.RunNormalizationBenchmark_WithInMemoryDataset_ProducesCorrectMetrics" computerName="DESKTOP-4UQ0AMN" duration="00:00:00.0130954" startTime="2026-05-08T13:32:17.5026959+03:00" endTime="2026-05-08T13:32:17.5026964+03:00" testType="13cdc9d9-ddb5-4fa4-a97d-d965ccfc6d4b" outcome="Passed" testListId="8c84fa94-04c1-424b-9868-57a2d4851a1d" relativeResultsDirectory="d3364819-9730-4a01-82ec-c8633a77564c" />
    <UnitTestResult executionId="8ada443f-7ba4-4cb8-8e91-0f905f548889" testId="89d6c51f-2786-c1fb-a0db-dd53f3f3abbd" testName="MyDietitianMobileApp.Api.Tests.Infrastructure.BarcodeIngredientResolutionServiceTests.ResolveProductAsync_WhenProductNameContainsIngredientOutsideFamilyRules_ShouldUseIngredientNormalization" computerName="DESKTOP-4UQ0AMN" duration="00:00:00.0065642" startTime="2026-05-08T13:32:14.8575536+03:00" endTime="2026-05-08T13:32:14.8575539+03:00" testType="13cdc9d9-ddb5-4fa4-a97d-d965ccfc6d4b" outcome="Passed" testListId="8c84fa94-04c1-424b-9868-57a2d4851a1d" relativeResultsDirectory="8ada443f-7ba4-4cb8-8e91-0f905f548889" />
    <UnitTestResult executionId="7eeba90a-c3b3-4bfa-aefb-5732d3c07eca" testId="31700586-f3b6-0c21-a6e3-7c595020241b" testName="MyDietitianMobileApp.Api.Tests.Benchmarks.BenchmarkRunnerTests.RunNormalizationBenchmarkComparison_WithConfiguredLlm_ReturnsOnOffDelta" computerName="DESKTOP-4UQ0AMN" duration="00:00:00.0455725" startTime="2026-05-08T13:32:17.7167916+03:00" endTime="2026-05-08T13:32:17.7167918+03:00" testType="13cdc9d9-ddb5-4fa4-a97d-d965ccfc6d4b" outcome="Passed" testListId="8c84fa94-04c1-424b-9868-57a2d4851a1d" relativeResultsDirectory="7eeba90a-c3b3-4bfa-aefb-5732d3c07eca" />
    <UnitTestResult executionId="e4f4679f-b8da-420e-94a5-685cee3aab22" testId="46c044be-bd45-2a0f-bfc6-54f1dd7b8105" testName="MyDietitianMobileApp.Api.Tests.Infrastructure.BarcodeIngredientResolutionServiceTests.ResolveProductAsync_WhenProductNameLooksLikeWater_ShouldReturnSuCandidate" computerName="DESKTOP-4UQ0AMN" duration="00:00:00.0119177" startTime="2026-05-08T13:32:14.8509223+03:00" endTime="2026-05-08T13:32:14.8509226+03:00" testType="13cdc9d9-ddb5-4fa4-a97d-d965ccfc6d4b" outcome="Passed" testListId="8c84fa94-04c1-424b-9868-57a2d4851a1d" relativeResultsDirectory="e4f4679f-b8da-420e-94a5-685cee3aab22" />
    <UnitTestResult executionId="c8a72516-2dd9-48d2-a7d0-9f04ac95c0f8" testId="ee211436-e96a-06dd-9c0a-47b404d0b1e4" testName="MyDietitianMobileApp.Api.Tests.Benchmarks.BenchmarkRunnerTests.RunRecommendationBenchmark_WithInMemoryDataset_ProducesCorrectMetrics" computerName="DESKTOP-4UQ0AMN" duration="00:00:00.0525450" startTime="2026-05-08T13:32:17.5672144+03:00" endTime="2026-05-08T13:32:17.5672144+03:00" testType="13cdc9d9-ddb5-4fa4-a97d-d965ccfc6d4b" outcome="Passed" testListId="8c84fa94-04c1-424b-9868-57a2d4851a1d" relativeResultsDirectory="c8a72516-2dd9-48d2-a7d0-9f04ac95c0f8" />
    <UnitTestResult executionId="56fab8d7-2fad-421d-92ce-6d11c5d788cb" testId="a9bbebb0-20fb-6e94-ec7d-f27d9c96566d" testName="MyDietitianMobileApp.Api.Tests.Benchmarks.BenchmarkRunnerTests.RunRecommendationBenchmark_WithDuplicateRecipeNames_DoesNotThrow" computerName="DESKTOP-4UQ0AMN" duration="00:00:00.0153040" startTime="2026-05-08T13:32:17.6710420+03:00" endTime="2026-05-08T13:32:17.6710423+03:00" testType="13cdc9d9-ddb5-4fa4-a97d-d965ccfc6d4b" outcome="Passed" testListId="8c84fa94-04c1-424b-9868-57a2d4851a1d" relativeResultsDirectory="56fab8d7-2fad-421d-92ce-6d11c5d788cb" />
    <UnitTestResult executionId="9fa4fdbf-c7be-4bad-a8fa-972acf372861" testId="45a25c98-0e37-fd3e-f4ee-5d9536f3c455" testName="MyDietitianMobileApp.Api.Tests.Benchmarks.BenchmarkRunnerTests.RunMultimodalAcquisitionBenchmark_WithInMemoryDataset_ProducesPerSourceMetrics" computerName="DESKTOP-4UQ0AMN" duration="00:00:03.0956587" startTime="2026-05-08T13:32:17.0574425+03:00" endTime="2026-05-08T13:32:17.0574428+03:00" testType="13cdc9d9-ddb5-4fa4-a97d-d965ccfc6d4b" outcome="Passed" testListId="8c84fa94-04c1-424b-9868-57a2d4851a1d" relativeResultsDirectory="9fa4fdbf-c7be-4bad-a8fa-972acf372861" />
  </Results>
  <TestDefinitions>
    <UnitTest name="MyDietitianMobileApp.Api.Tests.Benchmarks.BenchmarkRunnerTests.RunNormalizationBenchmark_WithJsonFile_LoadsAndExecutes" storage="c:\users\hy971\source\repos\mydietitianmobileapp\tests\mydietitianmobileapp.api.tests\bin\release\net8.0\mydietitianmobileapp.api.tests.dll" id="f15447dc-93a4-6811-19f7-e689b22bd40a">
      <Execution id="345b49f6-b1f0-448a-800f-9fdaca9a9bf1" />
      <TestMethod codeBase="C:\Users\hy971\source\repos\MyDietitianMobileApp\tests\MyDietitianMobileApp.Api.Tests\bin\Release\net8.0\MyDietitianMobileApp.Api.Tests.dll" adapterTypeName="executor://xunit/VsTestRunner2/netcoreapp" className="MyDietitianMobileApp.Api.Tests.Benchmarks.BenchmarkRunnerTests" name="RunNormalizationBenchmark_WithJsonFile_LoadsAndExecutes" />
    </UnitTest>
    <UnitTest name="MyDietitianMobileApp.Api.Tests.Infrastructure.BarcodeIngredientResolutionServiceTests.ResolveProductAsync_WhenProductNameLooksLikeWater_ShouldReturnSuCandidate" storage="c:\users\hy971\source\repos\mydietitianmobileapp\tests\mydietitianmobileapp.api.tests\bin\release\net8.0\mydietitianmobileapp.api.tests.dll" id="46c044be-bd45-2a0f-bfc6-54f1dd7b8105">
      <Execution id="e4f4679f-b8da-420e-94a5-685cee3aab22" />
      <TestMethod codeBase="C:\Users\hy971\source\repos\MyDietitianMobileApp\tests\MyDietitianMobileApp.Api.Tests\bin\Release\net8.0\MyDietitianMobileApp.Api.Tests.dll" adapterTypeName="executor://xunit/VsTestRunner2/netcoreapp" className="MyDietitianMobileApp.Api.Tests.Infrastructure.BarcodeIngredientResolutionServiceTests" name="ResolveProductAsync_WhenProductNameLooksLikeWater_ShouldReturnSuCandidate" />
    </UnitTest>
    <UnitTest name="MyDietitianMobileApp.Api.Tests.Infrastructure.BarcodeIngredientResolutionServiceTests.ResolveProductAsync_WhenProductNameContainsIngredientOutsideFamilyRules_ShouldUseIngredientNormalization" storage="c:\users\hy971\source\repos\mydietitianmobileapp\tests\mydietitianmobileapp.api.tests\bin\release\net8.0\mydietitianmobileapp.api.tests.dll" id="89d6c51f-2786-c1fb-a0db-dd53f3f3abbd">
      <Execution id="8ada443f-7ba4-4cb8-8e91-0f905f548889" />
      <TestMethod codeBase="C:\Users\hy971\source\repos\MyDietitianMobileApp\tests\MyDietitianMobileApp.Api.Tests\bin\Release\net8.0\MyDietitianMobileApp.Api.Tests.dll" adapterTypeName="executor://xunit/VsTestRunner2/netcoreapp" className="MyDietitianMobileApp.Api.Tests.Infrastructure.BarcodeIngredientResolutionServiceTests" name="ResolveProductAsync_WhenProductNameContainsIngredientOutsideFamilyRules_ShouldUseIngredientNormalization" />
    </UnitTest>
    <UnitTest name="MyDietitianMobileApp.Api.Tests.Benchmarks.BenchmarkRunnerTests.RunMultimodalAcquisitionBenchmark_WithInMemoryDataset_ProducesPerSourceMetrics" storage="c:\users\hy971\source\repos\mydietitianmobileapp\tests\mydietitianmobileapp.api.tests\bin\release\net8.0\mydietitianmobileapp.api.tests.dll" id="45a25c98-0e37-fd3e-f4ee-5d9536f3c455">
      <Execution id="9fa4fdbf-c7be-4bad-a8fa-972acf372861" />
      <TestMethod codeBase="C:\Users\hy971\source\repos\MyDietitianMobileApp\tests\MyDietitianMobileApp.Api.Tests\bin\Release\net8.0\MyDietitianMobileApp.Api.Tests.dll" adapterTypeName="executor://xunit/VsTestRunner2/netcoreapp" className="MyDietitianMobileApp.Api.Tests.Benchmarks.BenchmarkRunnerTests" name="RunMultimodalAcquisitionBenchmark_WithInMemoryDataset_ProducesPerSourceMetrics" />
    </UnitTest>
    <UnitTest name="MyDietitianMobileApp.Api.Tests.Infrastructure.BarcodeIngredientResolutionServiceTests.ResolveProductAsync_WhenProviderOnlyReturnsBrandText_ShouldRemainUnresolved" storage="c:\users\hy971\source\repos\mydietitianmobileapp\tests\mydietitianmobileapp.api.tests\bin\release\net8.0\mydietitianmobileapp.api.tests.dll" id="602c5d5c-4626-cfe9-7533-a7c2a0d68405">
      <Execution id="07839e9d-b867-4e7d-a42d-b352d1fb877b" />
      <TestMethod codeBase="C:\Users\hy971\source\repos\MyDietitianMobileApp\tests\MyDietitianMobileApp.Api.Tests\bin\Release\net8.0\MyDietitianMobileApp.Api.Tests.dll" adapterTypeName="executor://xunit/VsTestRunner2/netcoreapp" className="MyDietitianMobileApp.Api.Tests.Infrastructure.BarcodeIngredientResolutionServiceTests" name="ResolveProductAsync_WhenProviderOnlyReturnsBrandText_ShouldRemainUnresolved" />
    </UnitTest>
    <UnitTest name="MyDietitianMobileApp.Api.Tests.Infrastructure.BarcodeIngredientResolutionServiceTests.ResolveProductAsync_WhenProductNameHasNoSpaces_ShouldMatchTonBaligiRule" storage="c:\users\hy971\source\repos\mydietitianmobileapp\tests\mydietitianmobileapp.api.tests\bin\release\net8.0\mydietitianmobileapp.api.tests.dll" id="deb0cbce-bb77-b6c5-0e01-2915736d4981">
      <Execution id="e6cef472-f337-425b-a185-0a782564bbdc" />
      <TestMethod codeBase="C:\Users\hy971\source\repos\MyDietitianMobileApp\tests\MyDietitianMobileApp.Api.Tests\bin\Release\net8.0\MyDietitianMobileApp.Api.Tests.dll" adapterTypeName="executor://xunit/VsTestRunner2/netcoreapp" className="MyDietitianMobileApp.Api.Tests.Infrastructure.BarcodeIngredientResolutionServiceTests" name="ResolveProductAsync_WhenProductNameHasNoSpaces_ShouldMatchTonBaligiRule" />
    </UnitTest>
    <UnitTest name="MyDietitianMobileApp.Api.Tests.Benchmarks.BenchmarkRunnerTests.RunNormalizationBenchmark_WithInMemoryDataset_ProducesCorrectMetrics" storage="c:\users\hy971\source\repos\mydietitianmobileapp\tests\mydietitianmobileapp.api.tests\bin\release\net8.0\mydietitianmobileapp.api.tests.dll" id="46218607-865a-7a0c-eaec-1ea91081bce7">
      <Execution id="d3364819-9730-4a01-82ec-c8633a77564c" />
      <TestMethod codeBase="C:\Users\hy971\source\repos\MyDietitianMobileApp\tests\MyDietitianMobileApp.Api.Tests\bin\Release\net8.0\MyDietitianMobileApp.Api.Tests.dll" adapterTypeName="executor://xunit/VsTestRunner2/netcoreapp" className="MyDietitianMobileApp.Api.Tests.Benchmarks.BenchmarkRunnerTests" name="RunNormalizationBenchmark_WithInMemoryDataset_ProducesCorrectMetrics" />
    </UnitTest>
    <UnitTest name="MyDietitianMobileApp.Api.Tests.Benchmarks.BenchmarkRunnerTests.RunRecommendationBenchmark_WithInMemoryDataset_ProducesCorrectMetrics" storage="c:\users\hy971\source\repos\mydietitianmobileapp\tests\mydietitianmobileapp.api.tests\bin\release\net8.0\mydietitianmobileapp.api.tests.dll" id="ee211436-e96a-06dd-9c0a-47b404d0b1e4">
      <Execution id="c8a72516-2dd9-48d2-a7d0-9f04ac95c0f8" />
      <TestMethod codeBase="C:\Users\hy971\source\repos\MyDietitianMobileApp\tests\MyDietitianMobileApp.Api.Tests\bin\Release\net8.0\MyDietitianMobileApp.Api.Tests.dll" adapterTypeName="executor://xunit/VsTestRunner2/netcoreapp" className="MyDietitianMobileApp.Api.Tests.Benchmarks.BenchmarkRunnerTests" name="RunRecommendationBenchmark_WithInMemoryDataset_ProducesCorrectMetrics" />
    </UnitTest>
    <UnitTest name="MyDietitianMobileApp.Api.Tests.Benchmarks.BenchmarkRunnerTests.RunRecommendationBenchmark_WithDuplicateCanonicalIngredients_DoesNotThrow" storage="c:\users\hy971\source\repos\mydietitianmobileapp\tests\mydietitianmobileapp.api.tests\bin\release\net8.0\mydietitianmobileapp.api.tests.dll" id="ec2dd119-5ac0-4c77-2d90-d24fa88e2b3b">
      <Execution id="ac61e3d3-13d5-4a7a-a6d8-6f777d800fdf" />
      <TestMethod codeBase="C:\Users\hy971\source\repos\MyDietitianMobileApp\tests\MyDietitianMobileApp.Api.Tests\bin\Release\net8.0\MyDietitianMobileApp.Api.Tests.dll" adapterTypeName="executor://xunit/VsTestRunner2/netcoreapp" className="MyDietitianMobileApp.Api.Tests.Benchmarks.BenchmarkRunnerTests" name="RunRecommendationBenchmark_WithDuplicateCanonicalIngredients_DoesNotThrow" />
    </UnitTest>
    <UnitTest name="MyDietitianMobileApp.Api.Tests.Benchmarks.BenchmarkRunnerTests.RunRecommendationBenchmark_WithRecipeNameIdentifiers_ResolvesCorrectly" storage="c:\users\hy971\source\repos\mydietitianmobileapp\tests\mydietitianmobileapp.api.tests\bin\release\net8.0\mydietitianmobileapp.api.tests.dll" id="7e2753e6-13e8-b270-1cf6-4d207dcfb32d">
      <Execution id="5404e60d-2229-4a5a-9d1a-ed02e9156edb" />
      <TestMethod codeBase="C:\Users\hy971\source\repos\MyDietitianMobileApp\tests\MyDietitianMobileApp.Api.Tests\bin\Release\net8.0\MyDietitianMobileApp.Api.Tests.dll" adapterTypeName="executor://xunit/VsTestRunner2/netcoreapp" className="MyDietitianMobileApp.Api.Tests.Benchmarks.BenchmarkRunnerTests" name="RunRecommendationBenchmark_WithRecipeNameIdentifiers_ResolvesCorrectly" />
    </UnitTest>
    <UnitTest name="MyDietitianMobileApp.Api.Tests.Benchmarks.BenchmarkRunnerTests.RunNormalizationBenchmarkComparison_WithConfiguredLlm_ReturnsOnOffDelta" storage="c:\users\hy971\source\repos\mydietitianmobileapp\tests\mydietitianmobileapp.api.tests\bin\release\net8.0\mydietitianmobileapp.api.tests.dll" id="31700586-f3b6-0c21-a6e3-7c595020241b">
      <Execution id="7eeba90a-c3b3-4bfa-aefb-5732d3c07eca" />
      <TestMethod codeBase="C:\Users\hy971\source\repos\MyDietitianMobileApp\tests\MyDietitianMobileApp.Api.Tests\bin\Release\net8.0\MyDietitianMobileApp.Api.Tests.dll" adapterTypeName="executor://xunit/VsTestRunner2/netcoreapp" className="MyDietitianMobileApp.Api.Tests.Benchmarks.BenchmarkRunnerTests" name="RunNormalizationBenchmarkComparison_WithConfiguredLlm_ReturnsOnOffDelta" />
    </UnitTest>
    <UnitTest name="MyDietitianMobileApp.Api.Tests.Infrastructure.BarcodeIngredientResolutionServiceTests.ResolveAsync_WhenDeryaTunaBarcodeWasUnresolved_ShouldReturnTonBaligiAndRepairCache" storage="c:\users\hy971\source\repos\mydietitianmobileapp\tests\mydietitianmobileapp.api.tests\bin\release\net8.0\mydietitianmobileapp.api.tests.dll" id="d0ffd43a-c53b-392a-9933-a903a1a8df0e">
      <Execution id="35e45045-6090-4a66-9479-22fc58a968f0" />
      <TestMethod codeBase="C:\Users\hy971\source\repos\MyDietitianMobileApp\tests\MyDietitianMobileApp.Api.Tests\bin\Release\net8.0\MyDietitianMobileApp.Api.Tests.dll" adapterTypeName="executor://xunit/VsTestRunner2/netcoreapp" className="MyDietitianMobileApp.Api.Tests.Infrastructure.BarcodeIngredientResolutionServiceTests" name="ResolveAsync_WhenDeryaTunaBarcodeWasUnresolved_ShouldReturnTonBaligiAndRepairCache" />
    </UnitTest>
    <UnitTest name="MyDietitianMobileApp.Api.Tests.Benchmarks.BenchmarkRunnerTests.RunRecommendationBenchmark_WithDuplicateRecipeNames_DoesNotThrow" storage="c:\users\hy971\source\repos\mydietitianmobileapp\tests\mydietitianmobileapp.api.tests\bin\release\net8.0\mydietitianmobileapp.api.tests.dll" id="a9bbebb0-20fb-6e94-ec7d-f27d9c96566d">
      <Execution id="56fab8d7-2fad-421d-92ce-6d11c5d788cb" />
      <TestMethod codeBase="C:\Users\hy971\source\repos\MyDietitianMobileApp\tests\MyDietitianMobileApp.Api.Tests\bin\Release\net8.0\MyDietitianMobileApp.Api.Tests.dll" adapterTypeName="executor://xunit/VsTestRunner2/netcoreapp" className="MyDietitianMobileApp.Api.Tests.Benchmarks.BenchmarkRunnerTests" name="RunRecommendationBenchmark_WithDuplicateRecipeNames_DoesNotThrow" />
    </UnitTest>
    <UnitTest name="MyDietitianMobileApp.Api.Tests.Benchmarks.BenchmarkRunnerTests.NormalizationBenchmark_ComputesPerDifficultyBreakdown" storage="c:\users\hy971\source\repos\mydietitianmobileapp\tests\mydietitianmobileapp.api.tests\bin\release\net8.0\mydietitianmobileapp.api.tests.dll" id="c74e7f2c-4d50-23fb-6d92-b521937f4070">
      <Execution id="0f6a6e7a-98f6-4c3c-af5a-63a7ab3678d7" />
      <TestMethod codeBase="C:\Users\hy971\source\repos\MyDietitianMobileApp\tests\MyDietitianMobileApp.Api.Tests\bin\Release\net8.0\MyDietitianMobileApp.Api.Tests.dll" adapterTypeName="executor://xunit/VsTestRunner2/netcoreapp" className="MyDietitianMobileApp.Api.Tests.Benchmarks.BenchmarkRunnerTests" name="NormalizationBenchmark_ComputesPerDifficultyBreakdown" />
    </UnitTest>
    <UnitTest name="MyDietitianMobileApp.Api.Tests.Benchmarks.BenchmarkRunnerTests.RunHybridRecipeBenchmark_WithInMemoryDataset_ComputesTop1AndHitAt3" storage="c:\users\hy971\source\repos\mydietitianmobileapp\tests\mydietitianmobileapp.api.tests\bin\release\net8.0\mydietitianmobileapp.api.tests.dll" id="4a101083-36a3-14a3-9fbd-9c92fda797c0">
      <Execution id="bff45545-e476-4915-966b-b8e362919527" />
      <TestMethod codeBase="C:\Users\hy971\source\repos\MyDietitianMobileApp\tests\MyDietitianMobileApp.Api.Tests\bin\Release\net8.0\MyDietitianMobileApp.Api.Tests.dll" adapterTypeName="executor://xunit/VsTestRunner2/netcoreapp" className="MyDietitianMobileApp.Api.Tests.Benchmarks.BenchmarkRunnerTests" name="RunHybridRecipeBenchmark_WithInMemoryDataset_ComputesTop1AndHitAt3" />
    </UnitTest>
  </TestDefinitions>
  <TestEntries>
    <TestEntry testId="7e2753e6-13e8-b270-1cf6-4d207dcfb32d" executionId="5404e60d-2229-4a5a-9d1a-ed02e9156edb" testListId="8c84fa94-04c1-424b-9868-57a2d4851a1d" />
    <TestEntry testId="d0ffd43a-c53b-392a-9933-a903a1a8df0e" executionId="35e45045-6090-4a66-9479-22fc58a968f0" testListId="8c84fa94-04c1-424b-9868-57a2d4851a1d" />
    <TestEntry testId="deb0cbce-bb77-b6c5-0e01-2915736d4981" executionId="e6cef472-f337-425b-a185-0a782564bbdc" testListId="8c84fa94-04c1-424b-9868-57a2d4851a1d" />
    <TestEntry testId="ec2dd119-5ac0-4c77-2d90-d24fa88e2b3b" executionId="ac61e3d3-13d5-4a7a-a6d8-6f777d800fdf" testListId="8c84fa94-04c1-424b-9868-57a2d4851a1d" />
    <TestEntry testId="4a101083-36a3-14a3-9fbd-9c92fda797c0" executionId="bff45545-e476-4915-966b-b8e362919527" testListId="8c84fa94-04c1-424b-9868-57a2d4851a1d" />
    <TestEntry testId="602c5d5c-4626-cfe9-7533-a7c2a0d68405" executionId="07839e9d-b867-4e7d-a42d-b352d1fb877b" testListId="8c84fa94-04c1-424b-9868-57a2d4851a1d" />
    <TestEntry testId="f15447dc-93a4-6811-19f7-e689b22bd40a" executionId="345b49f6-b1f0-448a-800f-9fdaca9a9bf1" testListId="8c84fa94-04c1-424b-9868-57a2d4851a1d" />
    <TestEntry testId="c74e7f2c-4d50-23fb-6d92-b521937f4070" executionId="0f6a6e7a-98f6-4c3c-af5a-63a7ab3678d7" testListId="8c84fa94-04c1-424b-9868-57a2d4851a1d" />
    <TestEntry testId="46218607-865a-7a0c-eaec-1ea91081bce7" executionId="d3364819-9730-4a01-82ec-c8633a77564c" testListId="8c84fa94-04c1-424b-9868-57a2d4851a1d" />
    <TestEntry testId="89d6c51f-2786-c1fb-a0db-dd53f3f3abbd" executionId="8ada443f-7ba4-4cb8-8e91-0f905f548889" testListId="8c84fa94-04c1-424b-9868-57a2d4851a1d" />
    <TestEntry testId="31700586-f3b6-0c21-a6e3-7c595020241b" executionId="7eeba90a-c3b3-4bfa-aefb-5732d3c07eca" testListId="8c84fa94-04c1-424b-9868-57a2d4851a1d" />
    <TestEntry testId="46c044be-bd45-2a0f-bfc6-54f1dd7b8105" executionId="e4f4679f-b8da-420e-94a5-685cee3aab22" testListId="8c84fa94-04c1-424b-9868-57a2d4851a1d" />
    <TestEntry testId="ee211436-e96a-06dd-9c0a-47b404d0b1e4" executionId="c8a72516-2dd9-48d2-a7d0-9f04ac95c0f8" testListId="8c84fa94-04c1-424b-9868-57a2d4851a1d" />
    <TestEntry testId="a9bbebb0-20fb-6e94-ec7d-f27d9c96566d" executionId="56fab8d7-2fad-421d-92ce-6d11c5d788cb" testListId="8c84fa94-04c1-424b-9868-57a2d4851a1d" />
    <TestEntry testId="45a25c98-0e37-fd3e-f4ee-5d9536f3c455" executionId="9fa4fdbf-c7be-4bad-a8fa-972acf372861" testListId="8c84fa94-04c1-424b-9868-57a2d4851a1d" />
  </TestEntries>
  <TestLists>
    <TestList name="Bir Listede Olmayan Sonuçlar" id="8c84fa94-04c1-424b-9868-57a2d4851a1d" />
    <TestList name="Yüklenen Tüm Sonuçlar" id="19431567-8539-422a-85d7-44ee4e166bda" />
  </TestLists>
  <ResultSummary outcome="Failed">
    <Counters total="15" executed="15" passed="14" failed="1" error="0" timeout="0" aborted="0" inconclusive="0" passedButRunAborted="0" notRunnable="0" notExecuted="0" disconnected="0" warning="0" completed="0" inProgress="0" pending="0" />
    <Output>
      <StdOut>[xUnit.net 00:00:00.00] xUnit.net VSTest Adapter v2.8.2+699d445a1a (64-bit .NET 8.0.23)&#xD;
[xUnit.net 00:00:02.26]   Discovering: MyDietitianMobileApp.Api.Tests&#xD;
[xUnit.net 00:00:02.37]   Discovered:  MyDietitianMobileApp.Api.Tests&#xD;
[xUnit.net 00:00:02.38]   Starting:    MyDietitianMobileApp.Api.Tests&#xD;
[xUnit.net 00:00:06.03]       Expected result.MappingType to be MappingType.ExactIngredient {value: 0}, but found MappingType.IngredientFamily {value: 1}.&#xD;
[xUnit.net 00:00:06.03]       Stack Trace:&#xD;
[xUnit.net 00:00:06.03]            at FluentAssertions.Execution.XUnit2TestFramework.Throw(String message)&#xD;
[xUnit.net 00:00:06.03]            at FluentAssertions.Execution.TestFrameworkProvider.Throw(String message)&#xD;
[xUnit.net 00:00:06.03]            at FluentAssertions.Execution.DefaultAssertionStrategy.HandleFailure(String message)&#xD;
[xUnit.net 00:00:06.03]            at FluentAssertions.Execution.AssertionScope.FailWith(Func`1 failReasonFunc)&#xD;
[xUnit.net 00:00:06.03]            at FluentAssertions.Execution.AssertionScope.FailWith(Func`1 failReasonFunc)&#xD;
[xUnit.net 00:00:06.03]            at FluentAssertions.Execution.AssertionScope.FailWith(String message, Object[] args)&#xD;
[xUnit.net 00:00:06.03]            at FluentAssertions.Primitives.EnumAssertions`2.Be(TEnum expected, String because, Object[] becauseArgs)&#xD;
[xUnit.net 00:00:06.03]         C:\Users\hy971\source\repos\MyDietitianMobileApp\tests\MyDietitianMobileApp.Api.Tests\Infrastructure\BarcodeIngredientResolutionServiceTests.cs(55,0): at MyDietitianMobileApp.Api.Tests.Infrastructure.BarcodeIngredientResolutionServiceTests.ResolveAsync_WhenDeryaTunaBarcodeWasUnresolved_ShouldReturnTonBaligiAndRepairCache()&#xD;
[xUnit.net 00:00:06.03]         --- End of stack trace from previous location ---&#xD;
[xUnit.net 00:00:06.19]   Finished:    MyDietitianMobileApp.Api.Tests&#xD;
</StdOut>
    </Output>
    <RunInfos>
      <RunInfo computerName="DESKTOP-4UQ0AMN" outcome="Error" timestamp="2026-05-08T13:32:17.5642546+03:00">
        <Text>[xUnit.net 00:00:06.03]     MyDietitianMobileApp.Api.Tests.Infrastructure.BarcodeIngredientResolutionServiceTests.ResolveAsync_WhenDeryaTunaBarcodeWasUnresolved_ShouldReturnTonBaligiAndRepairCache [FAIL]</Text>
      </RunInfo>
    </RunInfos>
  </ResultSummary>
</TestRun>